<?xml version="1.0" encoding="UTF-8" standalone="no" ?>
<p1:oadrPayload xmlns:p1="http://openadr.org/oadr-2.0b/2012/07">
  <p1:oadrSignedObject>
    <p1:oadrRegisterReport xmlns:p3="http://docs.oasis-open.org/ns/energyinterop/201110" p3:schemaVersion="2.0b" xmlns:p2="http://docs.oasis-open.org/ns/energyinterop/201110/payloads">
      <p2:requestID>requestID</p2:requestID>
      <p1:oadrReport xmlns:p3="urn:ietf:params:xml:ns:icalendar-2.0" xmlns:p4="http://docs.oasis-open.org/ns/energyinterop/201110">
        <p3:duration>
          <p3:duration>PT120M</p3:duration>
        </p3:duration>
        <p1:oadrReportDescription xmlns:p4="http://docs.oasis-open.org/ns/energyinterop/201110" xmlns:p5="http://docs.oasis-open.org/ns/emix/2011/06/power" xmlns:p6="http://docs.oasis-open.org/ns/emix/2011/06">
          <p4:rID>rid1</p4:rID>
          <p4:reportDataSource>
            <p4:resourceID>resourceID1</p4:resourceID>
          </p4:reportDataSource>
          <p4:reportType>reading</p4:reportType>
          <p5:energyReal xmlns:p6="http://docs.oasis-open.org/ns/emix/2011/06/siscale">
            <p5:itemDescription/>
            <p5:itemUnits>kWh</p5:itemUnits>
            <p6:siScaleCode>none</p6:siScaleCode>
          </p5:energyReal>
          <p4:readingType>Direct Read</p4:readingType>
          <p6:marketContext>http://MarketContext1</p6:marketContext>
          <p1:oadrSamplingRate>
            <p1:oadrMinPeriod>PT5M</p1:oadrMinPeriod>
            <p1:oadrMaxPeriod>PT5M</p1:oadrMaxPeriod>
            <p1:oadrOnChange>false</p1:oadrOnChange>
          </p1:oadrSamplingRate>
        </p1:oadrReportDescription>
        <p1:oadrReportDescription xmlns:p4="http://docs.oasis-open.org/ns/energyinterop/201110" xmlns:p5="http://docs.oasis-open.org/ns/emix/2011/06/power" xmlns:p6="http://docs.oasis-open.org/ns/emix/2011/06">
          <p4:rID>rid2</p4:rID>
          <p4:reportDataSource>
            <p4:resourceID>resourceID1</p4:resourceID>
          </p4:reportDataSource>
          <p4:reportType>reading</p4:reportType>
          <p5:powerReal xmlns:p6="http://docs.oasis-open.org/ns/emix/2011/06/siscale">
            <p5:itemDescription/>
            <p5:itemUnits>kW</p5:itemUnits>
            <p6:siScaleCode>none</p6:siScaleCode>
            <p5:powerAttributes>
              <p5:hertz>60</p5:hertz>
              <p5:voltage>120</p5:voltage>
              <p5:ac>true</p5:ac>
            </p5:powerAttributes>
          </p5:powerReal>
          <p4:readingType>Direct Read</p4:readingType>
          <p6:marketContext>http://MarketContext1</p6:marketContext>
          <p1:oadrSamplingRate>
            <p1:oadrMinPeriod>PT5M</p1:oadrMinPeriod>
            <p1:oadrMaxPeriod>PT5M</p1:oadrMaxPeriod>
            <p1:oadrOnChange>false</p1:oadrOnChange>
          </p1:oadrSamplingRate>
        </p1:oadrReportDescription>
        <p1:oadrReportDescription xmlns:p4="http://docs.oasis-open.org/ns/energyinterop/201110" xmlns:p5="http://docs.oasis-open.org/ns/emix/2011/06">
          <p4:rID>rid3</p4:rID>
          <p4:reportDataSource>
            <p4:resourceID>resourceID1</p4:resourceID>
          </p4:reportDataSource>
          <p4:reportType>reading</p4:reportType>
          <p1:customUnit xmlns:p5="http://docs.oasis-open.org/ns/emix/2011/06/siscale">
            <p1:itemDescription>desc</p1:itemDescription>
            <p1:itemUnits>units</p1:itemUnits>
            <p5:siScaleCode>none</p5:siScaleCode>
          </p1:customUnit>
          <p4:readingType>Direct Read</p4:readingType>
          <p5:marketContext>http://MarketContext1</p5:marketContext>
          <p1:oadrSamplingRate>
            <p1:oadrMinPeriod>PT5M</p1:oadrMinPeriod>
            <p1:oadrMaxPeriod>PT5M</p1:oadrMaxPeriod>
            <p1:oadrOnChange>false</p1:oadrOnChange>
          </p1:oadrSamplingRate>
        </p1:oadrReportDescription>
        <p1:oadrReportDescription xmlns:p4="http://docs.oasis-open.org/ns/energyinterop/201110" xmlns:p5="http://docs.oasis-open.org/ns/emix/2011/06">
          <p4:rID>rid4</p4:rID>
          <p4:reportDataSource>
            <p4:resourceID>resourceID1</p4:resourceID>
          </p4:reportDataSource>
          <p4:reportType>reading</p4:reportType>
          <p1:temperature xmlns:p5="http://docs.oasis-open.org/ns/emix/2011/06/siscale">
            <p1:itemDescription>temperature</p1:itemDescription>
            <p1:itemUnits>celsius</p1:itemUnits>
            <p5:siScaleCode>none</p5:siScaleCode>
          </p1:temperature>
          <p4:readingType>Direct Read</p4:readingType>
          <p5:marketContext>http://MarketConext1</p5:marketContext>
          <p1:oadrSamplingRate>
            <p1:oadrMinPeriod>PT5M</p1:oadrMinPeriod>
            <p1:oadrMaxPeriod>PT5M</p1:oadrMaxPeriod>
            <p1:oadrOnChange>false</p1:oadrOnChange>
          </p1:oadrSamplingRate>
        </p1:oadrReportDescription>
        <p4:reportRequestID>0</p4:reportRequestID>
        <p4:reportSpecifierID>1234</p4:reportSpecifierID>
        <p4:reportName>METADATA_TELEMETRY_USAGE</p4:reportName>
        <p4:createdDateTime>2014-07-22T22:06:01Z</p4:createdDateTime>
      </p1:oadrReport>
      <p1:oadrReport xmlns:p3="urn:ietf:params:xml:ns:icalendar-2.0" xmlns:p4="http://docs.oasis-open.org/ns/energyinterop/201110">
        <p3:duration>
          <p3:duration>PT120M</p3:duration>
        </p3:duration>
        <p1:oadrReportDescription xmlns:p4="http://docs.oasis-open.org/ns/energyinterop/201110" xmlns:p5="http://docs.oasis-open.org/ns/emix/2011/06">
          <p4:rID>rid3</p4:rID>
          <p4:reportDataSource>
            <p4:resourceID>resoruceID1</p4:resourceID>
          </p4:reportDataSource>
          <p4:reportType>x-resourceStatus</p4:reportType>
          <p4:readingType>x-notApplicable</p4:readingType>
          <p5:marketContext>http://MarketContext1</p5:marketContext>
          <p1:oadrSamplingRate>
            <p1:oadrMinPeriod>PT5M</p1:oadrMinPeriod>
            <p1:oadrMaxPeriod>PT5M</p1:oadrMaxPeriod>
            <p1:oadrOnChange>false</p1:oadrOnChange>
          </p1:oadrSamplingRate>
        </p1:oadrReportDescription>
        <p4:reportRequestID>0</p4:reportRequestID>
        <p4:reportSpecifierID>5678</p4:reportSpecifierID>
        <p4:reportName>METADATA_TELEMETRY_STATUS</p4:reportName>
        <p4:createdDateTime>2014-07-22T22:06:01Z</p4:createdDateTime>
      </p1:oadrReport>
      <p3:venID>venID</p3:venID>
    </p1:oadrRegisterReport>
  </p1:oadrSignedObject>
</p1:oadrPayload>
