<?xml version="1.0" encoding="UTF-8" standalone="no" ?>
<p1:oadrPayload xmlns:p1="http://openadr.org/oadr-2.0b/2012/07">

  <p1:oadrSignedObject>
    <p1:oadrUpdateReport xmlns:p3="http://docs.oasis-open.org/ns/energyinterop/201110" p3:schemaVersion="2.0b" xmlns:p2="http://docs.oasis-open.org/ns/energyinterop/201110/payloads">
      <p2:requestID>request_id</p2:requestID>
      <p1:oadrReport xmlns:p3="urn:ietf:params:xml:ns:icalendar-2.0:stream" xmlns:p4="http://docs.oasis-open.org/ns/energyinterop/201110">
        <p3:intervals/>
        <p4:reportRequestID>report_request_id</p4:reportRequestID>
        <p4:reportSpecifierID>report_spec_1</p4:reportSpecifierID>
        <p4:reportName>TELEMETRY_STATUS</p4:reportName>
        <p4:createdDateTime>2013-12-30T16:19:58Z</p4:createdDateTime>
      </p1:oadrReport>
      <p1:oadrReport xmlns:p3="urn:ietf:params:xml:ns:icalendar-2.0:stream" xmlns:p4="http://docs.oasis-open.org/ns/energyinterop/201110">
        <p3:intervals/>
        <p4:reportRequestID>report_request_id</p4:reportRequestID>
        <p4:reportSpecifierID>report_spec_2</p4:reportSpecifierID>
        <p4:reportName>TELEMETRY_USAGE</p4:reportName>
        <p4:createdDateTime>2013-12-30T16:19:58Z</p4:createdDateTime>
      </p1:oadrReport>
      <p1:oadrReport xmlns:p3="urn:ietf:params:xml:ns:icalendar-2.0:stream" xmlns:p4="http://docs.oasis-open.org/ns/energyinterop/201110">
        <p3:intervals/>
        <p4:reportRequestID>report_request_id</p4:reportRequestID>
        <p4:reportSpecifierID>report_spec_3</p4:reportSpecifierID>
        <p4:reportName>HISTORY_USAGE</p4:reportName>
        <p4:createdDateTime>2013-12-30T16:19:58Z</p4:createdDateTime>
      </p1:oadrReport>
      <p3:venID>ven_id</p3:venID>
    </p1:oadrUpdateReport>
  </p1:oadrSignedObject>

</p1:oadrPayload>
